::1 - - [03/Mar/2026:08:56:05 +0100] "GET /phpmyadmin/ HTTP/1.1" 200 4893
::1 - - [03/Mar/2026:08:56:05 +0100] "GET /phpmyadmin/themes/pmahomme/jquery/jquery-ui.css HTTP/1.1" 304 -
::1 - - [03/Mar/2026:08:56:05 +0100] "GET /phpmyadmin/js/vendor/codemirror/lib/codemirror.css?v=5.1.3 HTTP/1.1" 304 -
::1 - - [03/Mar/2026:08:56:05 +0100] "GET /phpmyadmin/themes/pmahomme/css/theme.css?v=5.1.3&nocache=-195564192ltr&server=1 HTTP/1.1" 304 -
::1 - - [03/Mar/2026:08:56:05 +0100] "GET /phpmyadmin/js/vendor/jquery/jquery-ui-timepicker-addon.js?v=5.1.3 HTTP/1.1" 304 -
::1 - - [03/Mar/2026:08:56:05 +0100] "GET /phpmyadmin/js/dist/menu_resizer.js?v=5.1.3 HTTP/1.1" 304 -
::1 - - [03/Mar/2026:08:56:05 +0100] "GET /phpmyadmin/js/vendor/bootstrap/bootstrap.bundle.min.js?v=5.1.3 HTTP/1.1" 304 -
::1 - - [03/Mar/2026:08:56:05 +0100] "GET /phpmyadmin/js/dist/keyhandler.js?v=5.1.3 HTTP/1.1" 304 -
::1 - - [03/Mar/2026:08:56:05 +0100] "GET /phpmyadmin/js/vendor/codemirror/addon/lint/lint.css?v=5.1.3 HTTP/1.1" 304 -
::1 - - [03/Mar/2026:08:56:05 +0100] "GET /phpmyadmin/js/vendor/jquery/jquery.min.js?v=5.1.3 HTTP/1.1" 304 -
::1 - - [03/Mar/2026:08:56:05 +0100] "GET /phpmyadmin/js/vendor/jquery/jquery-migrate.js?v=5.1.3 HTTP/1.1" 304 -
::1 - - [03/Mar/2026:08:56:05 +0100] "GET /phpmyadmin/js/vendor/sprintf.js?v=5.1.3 HTTP/1.1" 304 -
::1 - - [03/Mar/2026:08:56:05 +0100] "GET /phpmyadmin/js/vendor/js.cookie.js?v=5.1.3 HTTP/1.1" 304 -
::1 - - [03/Mar/2026:08:56:05 +0100] "GET /phpmyadmin/js/vendor/jquery/jquery.validate.js?v=5.1.3 HTTP/1.1" 304 -
::1 - - [03/Mar/2026:08:56:05 +0100] "GET /phpmyadmin/js/vendor/jquery/jquery.debounce-1.0.6.js?v=5.1.3 HTTP/1.1" 304 -
::1 - - [03/Mar/2026:08:56:05 +0100] "GET /phpmyadmin/js/dist/ajax.js?v=5.1.3 HTTP/1.1" 304 -
::1 - - [03/Mar/2026:08:56:05 +0100] "GET /phpmyadmin/js/vendor/jquery/jquery.ba-hashchange-2.0.js?v=5.1.3 HTTP/1.1" 304 -
::1 - - [03/Mar/2026:08:56:05 +0100] "GET /phpmyadmin/js/vendor/jquery/jquery.mousewheel.js?v=5.1.3 HTTP/1.1" 304 -
::1 - - [03/Mar/2026:08:56:05 +0100] "GET /phpmyadmin/js/dist/cross_framing_protection.js?v=5.1.3 HTTP/1.1" 304 -
::1 - - [03/Mar/2026:08:56:05 +0100] "GET /phpmyadmin/js/vendor/jquery/jquery-ui.min.js?v=5.1.3 HTTP/1.1" 304 -
::1 - - [03/Mar/2026:08:56:05 +0100] "GET /phpmyadmin/js/vendor/codemirror/addon/hint/show-hint.css?v=5.1.3 HTTP/1.1" 304 -
::1 - - [03/Mar/2026:08:56:05 +0100] "GET /phpmyadmin/js/dist/rte.js?v=5.1.3 HTTP/1.1" 304 -
::1 - - [03/Mar/2026:08:56:05 +0100] "GET /phpmyadmin/js/dist/config.js?v=5.1.3 HTTP/1.1" 304 -
::1 - - [03/Mar/2026:08:56:05 +0100] "GET /phpmyadmin/js/dist/doclinks.js?v=5.1.3 HTTP/1.1" 304 -
::1 - - [03/Mar/2026:08:56:05 +0100] "GET /phpmyadmin/js/dist/page_settings.js?v=5.1.3 HTTP/1.1" 304 -
::1 - - [03/Mar/2026:08:56:05 +0100] "GET /phpmyadmin/js/vendor/codemirror/addon/lint/lint.js?v=5.1.3 HTTP/1.1" 304 -
::1 - - [03/Mar/2026:08:56:05 +0100] "GET /phpmyadmin/js/dist/functions.js?v=5.1.3 HTTP/1.1" 304 -
::1 - - [03/Mar/2026:08:56:05 +0100] "GET /phpmyadmin/js/dist/navigation.js?v=5.1.3 HTTP/1.1" 304 -
::1 - - [03/Mar/2026:08:56:05 +0100] "GET /phpmyadmin/js/dist/indexes.js?v=5.1.3 HTTP/1.1" 304 -
::1 - - [03/Mar/2026:08:56:05 +0100] "GET /phpmyadmin/js/dist/common.js?v=5.1.3 HTTP/1.1" 304 -
::1 - - [03/Mar/2026:08:56:05 +0100] "GET /phpmyadmin/js/vendor/codemirror/addon/hint/sql-hint.js?v=5.1.3 HTTP/1.1" 304 -
::1 - - [03/Mar/2026:08:56:05 +0100] "GET /phpmyadmin/js/vendor/codemirror/mode/sql/sql.js?v=5.1.3 HTTP/1.1" 304 -
::1 - - [03/Mar/2026:08:56:05 +0100] "GET /phpmyadmin/js/dist/codemirror/addon/lint/sql-lint.js?v=5.1.3 HTTP/1.1" 304 -
::1 - - [03/Mar/2026:08:56:05 +0100] "GET /phpmyadmin/js/vendor/tracekit.js?v=5.1.3 HTTP/1.1" 304 -
::1 - - [03/Mar/2026:08:56:05 +0100] "GET /phpmyadmin/js/dist/error_report.js?v=5.1.3 HTTP/1.1" 304 -
::1 - - [03/Mar/2026:08:56:05 +0100] "GET /phpmyadmin/js/vendor/codemirror/addon/hint/show-hint.js?v=5.1.3 HTTP/1.1" 304 -
::1 - - [03/Mar/2026:08:56:05 +0100] "GET /phpmyadmin/js/dist/drag_drop_import.js?v=5.1.3 HTTP/1.1" 304 -
::1 - - [03/Mar/2026:08:56:05 +0100] "GET /phpmyadmin/js/vendor/codemirror/lib/codemirror.js?v=5.1.3 HTTP/1.1" 304 -
::1 - - [03/Mar/2026:08:56:05 +0100] "GET /phpmyadmin/js/dist/shortcuts_handler.js?v=5.1.3 HTTP/1.1" 304 -
::1 - - [03/Mar/2026:08:56:05 +0100] "GET /phpmyadmin/themes/pmahomme/img/logo_right.png HTTP/1.1" 304 -
::1 - - [03/Mar/2026:08:56:05 +0100] "GET /phpmyadmin/js/vendor/codemirror/addon/runmode/runmode.js?v=5.1.3 HTTP/1.1" 304 -
::1 - - [03/Mar/2026:08:56:05 +0100] "GET /phpmyadmin/js/dist/console.js?v=5.1.3 HTTP/1.1" 304 -
::1 - - [03/Mar/2026:08:56:05 +0100] "GET /phpmyadmin/themes/dot.gif HTTP/1.1" 304 -
::1 - - [03/Mar/2026:08:56:05 +0100] "GET /phpmyadmin/themes/pmahomme/css/printview.css?v=5.1.3 HTTP/1.1" 304 -
::1 - - [03/Mar/2026:08:56:05 +0100] "GET /phpmyadmin/js/messages.php?l=es&v=5.1.3 HTTP/1.1" 200 8979
::1 - - [03/Mar/2026:08:56:05 +0100] "GET /phpmyadmin/themes/pmahomme/img/b_help.png HTTP/1.1" 304 -
::1 - - [03/Mar/2026:08:56:13 +0100] "POST /phpmyadmin/index.php?route=/ HTTP/1.1" 200 9587
::1 - - [03/Mar/2026:08:56:13 +0100] "GET /phpmyadmin/themes/pmahomme/img/logo_left.png HTTP/1.1" 304 -
::1 - - [03/Mar/2026:08:56:14 +0100] "GET /phpmyadmin/themes/pmahomme/img/left_nav_bg.png HTTP/1.1" 304 -
::1 - - [03/Mar/2026:08:56:14 +0100] "GET /phpmyadmin/themes/pmahomme/img/b_home.png HTTP/1.1" 304 -
::1 - - [03/Mar/2026:08:56:14 +0100] "GET /phpmyadmin/themes/pmahomme/img/s_loggoff.png HTTP/1.1" 304 -
::1 - - [03/Mar/2026:08:56:14 +0100] "GET /phpmyadmin/themes/pmahomme/img/s_cog.png HTTP/1.1" 304 -
::1 - - [03/Mar/2026:08:56:14 +0100] "GET /phpmyadmin/themes/pmahomme/img/b_sqlhelp.png HTTP/1.1" 304 -
::1 - - [03/Mar/2026:08:56:14 +0100] "GET /phpmyadmin/themes/pmahomme/img/b_docs.png HTTP/1.1" 304 -
::1 - - [03/Mar/2026:08:56:14 +0100] "GET /phpmyadmin/themes/pmahomme/img/s_reload.png HTTP/1.1" 304 -
::1 - - [03/Mar/2026:08:56:14 +0100] "GET /phpmyadmin/themes/pmahomme/img/s_link.png HTTP/1.1" 304 -
::1 - - [03/Mar/2026:08:56:14 +0100] "GET /phpmyadmin/themes/pmahomme/img/b_plus.png HTTP/1.1" 304 -
::1 - - [03/Mar/2026:08:56:14 +0100] "GET /phpmyadmin/themes/pmahomme/img/s_host.png HTTP/1.1" 304 -
::1 - - [03/Mar/2026:08:56:14 +0100] "GET /phpmyadmin/themes/pmahomme/img/b_newdb.png HTTP/1.1" 304 -
::1 - - [03/Mar/2026:08:56:14 +0100] "GET /phpmyadmin/themes/pmahomme/img/s_rights.png HTTP/1.1" 304 -
::1 - - [03/Mar/2026:08:56:14 +0100] "GET /phpmyadmin/themes/pmahomme/img/s_db.png HTTP/1.1" 304 -
::1 - - [03/Mar/2026:08:56:14 +0100] "GET /phpmyadmin/themes/pmahomme/img/s_vars.png HTTP/1.1" 304 -
::1 - - [03/Mar/2026:08:56:14 +0100] "GET /phpmyadmin/themes/pmahomme/img/b_edit.png HTTP/1.1" 304 -
::1 - - [03/Mar/2026:08:56:14 +0100] "GET /phpmyadmin/themes/pmahomme/img/b_export.png HTTP/1.1" 304 -
::1 - - [03/Mar/2026:08:56:14 +0100] "GET /phpmyadmin/themes/pmahomme/img/b_sql.png HTTP/1.1" 304 -
::1 - - [03/Mar/2026:08:56:14 +0100] "GET /phpmyadmin/themes/pmahomme/img/s_status.png HTTP/1.1" 304 -
::1 - - [03/Mar/2026:08:56:14 +0100] "GET /phpmyadmin/themes/pmahomme/img/b_import.png HTTP/1.1" 304 -
::1 - - [03/Mar/2026:08:56:14 +0100] "GET /phpmyadmin/themes/pmahomme/img/s_replication.png HTTP/1.1" 304 -
::1 - - [03/Mar/2026:08:56:14 +0100] "GET /phpmyadmin/themes/pmahomme/img/b_engine.png HTTP/1.1" 304 -
::1 - - [03/Mar/2026:08:56:14 +0100] "GET /phpmyadmin/themes/pmahomme/img/s_top.png HTTP/1.1" 304 -
::1 - - [03/Mar/2026:08:56:14 +0100] "GET /phpmyadmin/themes/pmahomme/img/b_tblops.png HTTP/1.1" 304 -
::1 - - [03/Mar/2026:08:56:14 +0100] "GET /phpmyadmin/themes/pmahomme/img/window-new.png HTTP/1.1" 304 -
::1 - - [03/Mar/2026:08:56:14 +0100] "GET /phpmyadmin/themes/pmahomme/img/s_asci.png HTTP/1.1" 304 -
::1 - - [03/Mar/2026:08:56:14 +0100] "GET /phpmyadmin/themes/pmahomme/img/b_plugin.png HTTP/1.1" 304 -
::1 - - [03/Mar/2026:08:56:14 +0100] "GET /phpmyadmin/themes/pmahomme/img/console.png HTTP/1.1" 304 -
::1 - - [03/Mar/2026:08:56:14 +0100] "GET /phpmyadmin/themes/pmahomme/img/b_more.png HTTP/1.1" 304 -
::1 - - [03/Mar/2026:08:56:14 +0100] "POST /phpmyadmin/index.php?route=/config/get HTTP/1.1" 200 67
::1 - - [03/Mar/2026:08:56:14 +0100] "GET /phpmyadmin/themes/pmahomme/img/ajax_clock_small.gif HTTP/1.1" 304 -
::1 - - [03/Mar/2026:08:56:14 +0100] "POST /phpmyadmin/index.php?route=/navigation&ajax_request=1 HTTP/1.1" 200 67
::1 - - [03/Mar/2026:08:56:14 +0100] "POST /phpmyadmin/index.php?route=/config/get HTTP/1.1" 200 67
::1 - - [03/Mar/2026:08:56:14 +0100] "POST /phpmyadmin/index.php?route=/config/set HTTP/1.1" 200 67
::1 - - [03/Mar/2026:08:56:17 +0100] "GET /phpmyadmin/index.php?route=/ HTTP/1.1" 200 4895
::1 - - [03/Mar/2026:08:56:17 +0100] "GET /phpmyadmin/favicon.ico HTTP/1.1" 304 -
::1 - - [03/Mar/2026:08:56:20 +0100] "POST /phpmyadmin/index.php?route=/ HTTP/1.1" 302 20
::1 - - [03/Mar/2026:08:56:21 +0100] "GET /phpmyadmin/themes/pmahomme/css/theme.css?v=5.1.3&nocache=-559317249ltr&server=1 HTTP/1.1" 200 216144
::1 - - [03/Mar/2026:08:56:20 +0100] "GET /phpmyadmin/index.php?route=/&route=%2F HTTP/1.1" 200 15682
::1 - - [03/Mar/2026:08:56:21 +0100] "GET /phpmyadmin/themes/pmahomme/img/s_lang.png HTTP/1.1" 304 -
::1 - - [03/Mar/2026:08:56:21 +0100] "GET /phpmyadmin/themes/pmahomme/img/s_passwd.png HTTP/1.1" 304 -
::1 - - [03/Mar/2026:08:56:21 +0100] "GET /phpmyadmin/themes/pmahomme/img/s_theme.png HTTP/1.1" 304 -
::1 - - [03/Mar/2026:08:56:21 +0100] "GET /phpmyadmin/themes/pmahomme/img/s_notice.png HTTP/1.1" 304 -
::1 - - [03/Mar/2026:08:56:21 +0100] "POST /phpmyadmin/index.php?route=/config/get HTTP/1.1" 200 1565
::1 - - [03/Mar/2026:08:56:21 +0100] "POST /phpmyadmin/index.php?route=/config/get HTTP/1.1" 200 1656
::1 - - [03/Mar/2026:08:56:21 +0100] "POST /phpmyadmin/index.php?route=/version-check HTTP/1.1" 200 64
::1 - - [03/Mar/2026:08:56:21 +0100] "POST /phpmyadmin/index.php?route=/navigation&ajax_request=1 HTTP/1.1" 200 2184
::1 - - [03/Mar/2026:08:56:21 +0100] "POST /phpmyadmin/index.php?route=/config/set HTTP/1.1" 200 1556
::1 - - [03/Mar/2026:08:56:23 +0100] "GET /phpmyadmin/index.php?route=/database/structure&server=1&db=bdejemplobanco&ajax_request=true&ajax_page_request=true&_nocache=1772524583694119499&token=3d483a4c675467435749523d64747a56 HTTP/1.1" 200 5705
::1 - - [03/Mar/2026:08:56:24 +0100] "GET /phpmyadmin/themes/pmahomme/img/b_routines.png HTTP/1.1" 304 -
::1 - - [03/Mar/2026:08:56:24 +0100] "GET /phpmyadmin/themes/pmahomme/img/b_search.png HTTP/1.1" 304 -
::1 - - [03/Mar/2026:08:56:24 +0100] "GET /phpmyadmin/themes/pmahomme/img/b_triggers.png HTTP/1.1" 304 -
::1 - - [03/Mar/2026:08:56:24 +0100] "GET /phpmyadmin/themes/pmahomme/img/b_props.png HTTP/1.1" 304 -
::1 - - [03/Mar/2026:08:56:24 +0100] "GET /phpmyadmin/themes/pmahomme/img/b_events.png HTTP/1.1" 304 -
::1 - - [03/Mar/2026:08:56:24 +0100] "GET /phpmyadmin/themes/pmahomme/img/b_relations.png HTTP/1.1" 304 -
::1 - - [03/Mar/2026:08:56:24 +0100] "GET /phpmyadmin/themes/pmahomme/img/b_insrow.png HTTP/1.1" 304 -
::1 - - [03/Mar/2026:08:56:24 +0100] "GET /phpmyadmin/themes/pmahomme/img/b_table_add.png HTTP/1.1" 304 -
::1 - - [03/Mar/2026:08:56:24 +0100] "GET /phpmyadmin/themes/pmahomme/img/b_no_favorite.png HTTP/1.1" 304 -
::1 - - [03/Mar/2026:08:56:24 +0100] "GET /phpmyadmin/themes/pmahomme/img/b_browse.png HTTP/1.1" 304 -
::1 - - [03/Mar/2026:08:56:24 +0100] "GET /phpmyadmin/themes/pmahomme/img/b_print.png HTTP/1.1" 304 -
::1 - - [03/Mar/2026:08:56:24 +0100] "GET /phpmyadmin/themes/pmahomme/img/b_tblanalyse.png HTTP/1.1" 304 -
::1 - - [03/Mar/2026:08:56:24 +0100] "GET /phpmyadmin/themes/pmahomme/img/b_empty.png HTTP/1.1" 304 -
::1 - - [03/Mar/2026:08:56:24 +0100] "GET /phpmyadmin/themes/pmahomme/img/b_drop.png HTTP/1.1" 304 -
::1 - - [03/Mar/2026:08:56:24 +0100] "GET /phpmyadmin/themes/pmahomme/img/s_asc.png HTTP/1.1" 304 -
::1 - - [03/Mar/2026:08:56:24 +0100] "GET /phpmyadmin/js/dist/database/structure.js?v=5.1.3 HTTP/1.1" 304 -
::1 - - [03/Mar/2026:08:56:24 +0100] "GET /phpmyadmin/js/dist/table/change.js?v=5.1.3 HTTP/1.1" 304 -
::1 - - [03/Mar/2026:08:56:24 +0100] "GET /phpmyadmin/themes/pmahomme/img/b_select.png HTTP/1.1" 304 -
::1 - - [03/Mar/2026:08:56:24 +0100] "GET /phpmyadmin/themes/pmahomme/img/arrow_ltr.png HTTP/1.1" 304 -
::1 - - [03/Mar/2026:08:56:24 +0100] "POST /phpmyadmin/index.php?route=/navigation&ajax_request=1 HTTP/1.1" 200 2056
::1 - - [03/Mar/2026:08:56:24 +0100] "GET /phpmyadmin/themes/pmahomme/img/b_minus.png HTTP/1.1" 304 -
::1 - - [03/Mar/2026:08:56:26 +0100] "GET /phpmyadmin/index.php?route=/sql&server=1&db=bdejemplobanco&table=cuentas_corrientes&pos=0&ajax_request=true&ajax_page_request=true&_nocache=1772524586238529637&token=3d483a4c675467435749523d64747a56 HTTP/1.1" 200 8041
::1 - - [03/Mar/2026:08:56:26 +0100] "GET /phpmyadmin/themes/pmahomme/img/s_tbl.png HTTP/1.1" 304 -
::1 - - [03/Mar/2026:08:56:26 +0100] "GET /phpmyadmin/themes/pmahomme/img/b_tblexport.png HTTP/1.1" 304 -
::1 - - [03/Mar/2026:08:56:26 +0100] "GET /phpmyadmin/themes/pmahomme/img/b_tblimport.png HTTP/1.1" 304 -
::1 - - [03/Mar/2026:08:56:26 +0100] "GET /phpmyadmin/themes/pmahomme/img/s_success.png HTTP/1.1" 304 -
::1 - - [03/Mar/2026:08:56:26 +0100] "GET /phpmyadmin/themes/pmahomme/img/b_chart.png HTTP/1.1" 304 -
::1 - - [03/Mar/2026:08:56:26 +0100] "GET /phpmyadmin/themes/pmahomme/img/b_view_add.png HTTP/1.1" 304 -
::1 - - [03/Mar/2026:08:56:26 +0100] "GET /phpmyadmin/js/vendor/stickyfill.min.js?v=5.1.3 HTTP/1.1" 304 -
::1 - - [03/Mar/2026:08:56:26 +0100] "GET /phpmyadmin/js/dist/makegrid.js?v=5.1.3 HTTP/1.1" 304 -
::1 - - [03/Mar/2026:08:56:26 +0100] "GET /phpmyadmin/js/dist/gis_data_editor.js?v=5.1.3 HTTP/1.1" 304 -
::1 - - [03/Mar/2026:08:56:26 +0100] "GET /phpmyadmin/js/dist/multi_column_sort.js?v=5.1.3 HTTP/1.1" 304 -
::1 - - [03/Mar/2026:08:56:26 +0100] "GET /phpmyadmin/js/vendor/jquery/jquery.uitablefilter.js?v=5.1.3 HTTP/1.1" 304 -
::1 - - [03/Mar/2026:08:56:26 +0100] "GET /phpmyadmin/themes/pmahomme/img/s_fulltext.png HTTP/1.1" 304 -
::1 - - [03/Mar/2026:08:56:26 +0100] "GET /phpmyadmin/js/dist/sql.js?v=5.1.3 HTTP/1.1" 304 -
::1 - - [03/Mar/2026:08:56:26 +0100] "GET /phpmyadmin/themes/pmahomme/img/col_drop.png HTTP/1.1" 304 -
::1 - - [03/Mar/2026:08:56:26 +0100] "GET /phpmyadmin/themes/pmahomme/img/col_pointer.png HTTP/1.1" 304 -
::1 - - [03/Mar/2026:08:56:26 +0100] "GET /phpmyadmin/index.php?route=/recent-table&ajax_request=1&recent_table=1&no_debug=true&_nocache=1772524586712411535&token=3d483a4c675467435749523d64747a56 HTTP/1.1" 200 1631
::1 - - [03/Mar/2026:08:57:37 +0100] "GET /phpmyadmin/themes/pmahomme/img/s_unlink.png HTTP/1.1" 304 -
::1 - - [03/Mar/2026:08:57:38 +0100] "GET /phpmyadmin/index.php?route=/sql&server=1&db=bdejemplobanco&table=cuentas_corrientes&pos=0 HTTP/1.1" 200 15240
::1 - - [03/Mar/2026:08:57:38 +0100] "GET /phpmyadmin/themes/pmahomme/css/theme.css?v=5.1.3&nocache=-1563927772ltr&server=1 HTTP/1.1" 200 216144
::1 - - [03/Mar/2026:08:57:38 +0100] "POST /phpmyadmin/index.php?route=/config/get HTTP/1.1" 200 1658
::1 - - [03/Mar/2026:08:57:38 +0100] "GET /phpmyadmin/index.php?route=/recent-table&ajax_request=1&recent_table=1&no_debug=true&_nocache=1772524658769864554&token=3d483a4c675467435749523d64747a56 HTTP/1.1" 200 1631
::1 - - [03/Mar/2026:08:57:38 +0100] "POST /phpmyadmin/index.php?route=/config/get HTTP/1.1" 200 1567
::1 - - [03/Mar/2026:08:57:38 +0100] "POST /phpmyadmin/index.php?route=/navigation&ajax_request=1 HTTP/1.1" 200 2530
::1 - - [03/Mar/2026:08:57:38 +0100] "POST /phpmyadmin/index.php?route=/config/set HTTP/1.1" 200 1558
::1 - - [03/Mar/2026:08:58:39 +0100] "GET /phpmyadmin/index.php?route=/sql&server=1&db=bdejemplobanco&table=titulares&pos=0&ajax_request=true&ajax_page_request=true&_nocache=1772524719625196061&token=3d483a4c675467435749523d64747a56 HTTP/1.1" 200 7967
::1 - - [03/Mar/2026:08:58:40 +0100] "GET /phpmyadmin/index.php?route=/recent-table&ajax_request=1&recent_table=1&no_debug=true&_nocache=1772524720073634805&token=3d483a4c675467435749523d64747a56 HTTP/1.1" 200 1644
::1 - - [03/Mar/2026:08:59:00 +0100] "GET /phpmyadmin/index.php?route=/sql&server=1&db=bdejemplobanco&table=titulares&pos=0 HTTP/1.1" 200 14536
::1 - - [03/Mar/2026:08:59:00 +0100] "GET /phpmyadmin/themes/pmahomme/css/theme.css?v=5.1.3&nocache=943105591ltr&server=1 HTTP/1.1" 200 216144
::1 - - [03/Mar/2026:08:59:00 +0100] "POST /phpmyadmin/index.php?route=/navigation&ajax_request=1 HTTP/1.1" 200 2543
::1 - - [03/Mar/2026:08:59:00 +0100] "POST /phpmyadmin/index.php?route=/config/get HTTP/1.1" 200 1567
::1 - - [03/Mar/2026:08:59:00 +0100] "POST /phpmyadmin/index.php?route=/config/get HTTP/1.1" 200 1658
::1 - - [03/Mar/2026:08:59:00 +0100] "GET /phpmyadmin/index.php?route=/recent-table&ajax_request=1&recent_table=1&no_debug=true&_nocache=177252474069074117&token=3d483a4c675467435749523d64747a56 HTTP/1.1" 200 1644
::1 - - [03/Mar/2026:08:59:01 +0100] "POST /phpmyadmin/index.php?route=/config/set HTTP/1.1" 200 1558
::1 - - [03/Mar/2026:09:02:55 +0100] "GET /phpmyadmin/index.php?route=/sql&server=1&db=bdejemplobanco&table=cuentas_titulares&pos=0&ajax_request=true&ajax_page_request=true&_nocache=1772524975247995800&token=3d483a4c675467435749523d64747a56 HTTP/1.1" 200 7506
::1 - - [03/Mar/2026:09:02:55 +0100] "GET /phpmyadmin/index.php?route=/recent-table&ajax_request=1&recent_table=1&no_debug=true&_nocache=1772524975731294175&token=3d483a4c675467435749523d64747a56 HTTP/1.1" 200 1652
::1 - - [03/Mar/2026:09:02:56 +0100] "GET /phpmyadmin/index.php?route=/sql&server=1&db=bdejemplobanco&table=cuentas_corrientes&pos=0&ajax_request=true&ajax_page_request=true&_nocache=1772524976368512650&token=3d483a4c675467435749523d64747a56 HTTP/1.1" 200 8042
::1 - - [03/Mar/2026:09:02:56 +0100] "GET /phpmyadmin/index.php?route=/recent-table&ajax_request=1&recent_table=1&no_debug=true&_nocache=1772524976741545671&token=3d483a4c675467435749523d64747a56 HTTP/1.1" 200 1649
::1 - - [03/Mar/2026:09:04:34 +0100] "GET /phpmyadmin/index.php?route=/sql&server=1&db=bdejemplobanco&table=cuentas_corrientes&pos=0 HTTP/1.1" 200 15259
::1 - - [03/Mar/2026:09:04:35 +0100] "GET /phpmyadmin/themes/pmahomme/css/theme.css?v=5.1.3&nocache=486339192ltr&server=1 HTTP/1.1" 200 216144
::1 - - [03/Mar/2026:09:04:35 +0100] "POST /phpmyadmin/index.php?route=/config/get HTTP/1.1" 200 1567
::1 - - [03/Mar/2026:09:04:35 +0100] "GET /phpmyadmin/index.php?route=/recent-table&ajax_request=1&recent_table=1&no_debug=true&_nocache=1772525075504764058&token=3d483a4c675467435749523d64747a56 HTTP/1.1" 200 1649
::1 - - [03/Mar/2026:09:04:35 +0100] "POST /phpmyadmin/index.php?route=/config/get HTTP/1.1" 200 1658
::1 - - [03/Mar/2026:09:04:35 +0100] "POST /phpmyadmin/index.php?route=/navigation&ajax_request=1 HTTP/1.1" 200 2547
::1 - - [03/Mar/2026:09:04:36 +0100] "POST /phpmyadmin/index.php?route=/config/set HTTP/1.1" 200 1558
::1 - - [03/Mar/2026:09:04:37 +0100] "GET /phpmyadmin/index.php?route=/table/structure&db=bdejemplobanco&table=cuentas_corrientes&ajax_request=true&ajax_page_request=true&_nocache=1772525077031144195&token=3d483a4c675467435749523d64747a56 HTTP/1.1" 200 7835
::1 - - [03/Mar/2026:09:04:37 +0100] "GET /phpmyadmin/themes/pmahomme/img/b_primary.png HTTP/1.1" 304 -
::1 - - [03/Mar/2026:09:04:37 +0100] "GET /phpmyadmin/themes/pmahomme/img/b_index.png HTTP/1.1" 304 -
::1 - - [03/Mar/2026:09:04:37 +0100] "GET /phpmyadmin/themes/pmahomme/img/b_spatial.png HTTP/1.1" 304 -
::1 - - [03/Mar/2026:09:04:37 +0100] "GET /phpmyadmin/themes/pmahomme/img/b_unique.png HTTP/1.1" 304 -
::1 - - [03/Mar/2026:09:04:37 +0100] "GET /phpmyadmin/themes/pmahomme/img/normalize.png HTTP/1.1" 304 -
::1 - - [03/Mar/2026:09:04:37 +0100] "GET /phpmyadmin/themes/pmahomme/img/b_rename.svg HTTP/1.1" 304 -
::1 - - [03/Mar/2026:09:04:37 +0100] "GET /phpmyadmin/themes/pmahomme/img/b_move.png HTTP/1.1" 304 -
::1 - - [03/Mar/2026:09:04:37 +0100] "GET /phpmyadmin/themes/pmahomme/img/b_ftext.png HTTP/1.1" 304 -
::1 - - [03/Mar/2026:09:04:37 +0100] "GET /phpmyadmin/js/dist/table/structure.js?v=5.1.3 HTTP/1.1" 304 -
::1 - - [03/Mar/2026:09:04:37 +0100] "GET /phpmyadmin/index.php?route=/recent-table&ajax_request=1&recent_table=1&no_debug=true&_nocache=1772525077472548681&token=3d483a4c675467435749523d64747a56 HTTP/1.1" 200 1649
::1 - - [03/Mar/2026:09:04:44 +0100] "GET /phpmyadmin/index.php?route=/sql&db=bdejemplobanco&table=cuentas_corrientes&pos=0&ajax_request=true&ajax_page_request=true&_nocache=1772525084174142692&token=3d483a4c675467435749523d64747a56 HTTP/1.1" 200 8042
::1 - - [03/Mar/2026:09:04:44 +0100] "GET /phpmyadmin/index.php?route=/recent-table&ajax_request=1&recent_table=1&no_debug=true&_nocache=1772525084540995248&token=3d483a4c675467435749523d64747a56 HTTP/1.1" 200 1649
::1 - - [03/Mar/2026:09:11:51 +0100] "GET /phpmyadmin/index.php?route=/database/operations&server=1&db=bdejemplobanco& HTTP/1.1" 200 14644
::1 - - [03/Mar/2026:09:11:51 +0100] "GET /phpmyadmin/themes/pmahomme/css/theme.css?v=5.1.3&nocache=303235575ltr&server=1 HTTP/1.1" 200 216144
::1 - - [03/Mar/2026:09:11:51 +0100] "GET /phpmyadmin/js/dist/database/operations.js?v=5.1.3 HTTP/1.1" 304 -
::1 - - [03/Mar/2026:09:11:51 +0100] "GET /phpmyadmin/themes/pmahomme/img/b_deltbl.png HTTP/1.1" 304 -
::1 - - [03/Mar/2026:09:11:51 +0100] "POST /phpmyadmin/index.php?route=/config/get HTTP/1.1" 200 1567
::1 - - [03/Mar/2026:09:11:51 +0100] "POST /phpmyadmin/index.php?route=/config/get HTTP/1.1" 200 1658
::1 - - [03/Mar/2026:09:11:51 +0100] "POST /phpmyadmin/index.php?route=/navigation&ajax_request=1 HTTP/1.1" 200 2243
::1 - - [03/Mar/2026:09:11:52 +0100] "POST /phpmyadmin/index.php?route=/config/set HTTP/1.1" 200 1558
::1 - - [03/Mar/2026:09:11:52 +0100] "POST /phpmyadmin/index.php?route=/navigation&ajax_request=1 HTTP/1.1" 200 2058
::1 - - [03/Mar/2026:09:11:53 +0100] "POST /phpmyadmin/index.php?route=/config/set HTTP/1.1" 200 1558
::1 - - [03/Mar/2026:09:14:10 +0100] "GET /phpmyadmin/index.php?route=/sql&db=bdejemplobanco&table=cuentas_corrientes&pos=0 HTTP/1.1" 200 15259
::1 - - [03/Mar/2026:09:14:10 +0100] "GET /phpmyadmin/themes/pmahomme/css/theme.css?v=5.1.3&nocache=-837589378ltr&server=1 HTTP/1.1" 200 216144
::1 - - [03/Mar/2026:09:14:10 +0100] "POST /phpmyadmin/index.php?route=/config/get HTTP/1.1" 200 1565
::1 - - [03/Mar/2026:09:14:10 +0100] "POST /phpmyadmin/index.php?route=/navigation&ajax_request=1 HTTP/1.1" 200 2547
::1 - - [03/Mar/2026:09:14:10 +0100] "POST /phpmyadmin/index.php?route=/config/get HTTP/1.1" 200 1658
::1 - - [03/Mar/2026:09:14:10 +0100] "GET /phpmyadmin/index.php?route=/recent-table&ajax_request=1&recent_table=1&no_debug=true&_nocache=1772525650779237791&token=3d483a4c675467435749523d64747a56 HTTP/1.1" 200 1649
::1 - - [03/Mar/2026:09:14:11 +0100] "POST /phpmyadmin/index.php?route=/config/set HTTP/1.1" 200 1558
::1 - - [03/Mar/2026:09:14:12 +0100] "POST /phpmyadmin/index.php?route=/config/set HTTP/1.1" 200 1558
::1 - - [03/Mar/2026:09:17:57 +0100] "GET /phpmyadmin/index.php?route=/sql&db=bdejemplobanco&table=cuentas_corrientes&pos=0 HTTP/1.1" 200 15347
::1 - - [03/Mar/2026:09:17:58 +0100] "GET /phpmyadmin/themes/pmahomme/css/theme.css?v=5.1.3&nocache=-257403239ltr&server=1 HTTP/1.1" 200 216144
::1 - - [03/Mar/2026:09:17:58 +0100] "POST /phpmyadmin/index.php?route=/config/get HTTP/1.1" 200 1567
::1 - - [03/Mar/2026:09:17:58 +0100] "POST /phpmyadmin/index.php?route=/navigation&ajax_request=1 HTTP/1.1" 200 2547
::1 - - [03/Mar/2026:09:17:58 +0100] "POST /phpmyadmin/index.php?route=/config/get HTTP/1.1" 200 1658
::1 - - [03/Mar/2026:09:17:58 +0100] "GET /phpmyadmin/index.php?route=/recent-table&ajax_request=1&recent_table=1&no_debug=true&_nocache=1772525878130377587&token=3d483a4c675467435749523d64747a56 HTTP/1.1" 200 1649
::1 - - [03/Mar/2026:09:17:58 +0100] "POST /phpmyadmin/index.php?route=/config/set HTTP/1.1" 200 1558
::1 - - [03/Mar/2026:09:20:03 +0100] "POST /phpmyadmin/index.php HTTP/1.1" 200 4750
::1 - - [03/Mar/2026:09:20:03 +0100] "GET /phpmyadmin/index.php?route=/recent-table&ajax_request=1&recent_table=1&no_debug=true&_nocache=1772526003596143393&token=3d483a4c675467435749523d64747a56 HTTP/1.1" 200 1649
::1 - - [03/Mar/2026:09:26:21 +0100] "GET /phpmyadmin/index.php?route=/sql&server=1&db=bdejemplobanco&table=cuentas_titulares&pos=0&ajax_request=true&ajax_page_request=true&_nocache=1772526381017374376&token=3d483a4c675467435749523d64747a56 HTTP/1.1" 200 7504
::1 - - [03/Mar/2026:09:26:21 +0100] "GET /phpmyadmin/index.php?route=/recent-table&ajax_request=1&recent_table=1&no_debug=true&_nocache=1772526381482119975&token=3d483a4c675467435749523d64747a56 HTTP/1.1" 200 1649
::1 - - [03/Mar/2026:09:26:25 +0100] "GET /phpmyadmin/index.php?route=/table/structure&db=bdejemplobanco&table=cuentas_titulares&ajax_request=true&ajax_page_request=true&_nocache=1772526385129122363&token=3d483a4c675467435749523d64747a56 HTTP/1.1" 200 7692
::1 - - [03/Mar/2026:09:26:25 +0100] "GET /phpmyadmin/themes/pmahomme/img/bd_primary.png HTTP/1.1" 304 -
::1 - - [03/Mar/2026:09:26:25 +0100] "GET /phpmyadmin/index.php?route=/recent-table&ajax_request=1&recent_table=1&no_debug=true&_nocache=1772526385525140306&token=3d483a4c675467435749523d64747a56 HTTP/1.1" 200 1649
::1 - - [03/Mar/2026:09:50:21 +0100] "POST /phpmyadmin/index.php?route=/ HTTP/1.1" 200 1609
